<?xml version="1.0"?>
<link_info>
   <banner>TI ARM Linker PC v5.1.6</banner>
   <copyright>Copyright (c) 1996-2014 Texas Instruments Incorporated</copyright>
   <link_time>0x5e9ecc2a</link_time>
   <link_errors>0x0</link_errors>
   <output_file>Wireless_Control.out</output_file>
   <entry_point>
      <name>_c_int00</name>
      <address>0x223d</address>
   </entry_point>
   <input_file_list>
      <input_file id="fl-2">
         <path>.\</path>
         <kind>object</kind>
         <file>bluetooth.obj</file>
         <name>bluetooth.obj</name>
      </input_file>
      <input_file id="fl-3">
         <path>.\</path>
         <kind>object</kind>
         <file>fan.obj</file>
         <name>fan.obj</name>
      </input_file>
      <input_file id="fl-4">
         <path>.\</path>
         <kind>object</kind>
         <file>globalvariable.obj</file>
         <name>globalvariable.obj</name>
      </input_file>
      <input_file id="fl-5">
         <path>.\</path>
         <kind>object</kind>
         <file>input.obj</file>
         <name>input.obj</name>
      </input_file>
      <input_file id="fl-6">
         <path>.\</path>
         <kind>object</kind>
         <file>led.obj</file>
         <name>led.obj</name>
      </input_file>
      <input_file id="fl-7">
         <path>.\</path>
         <kind>object</kind>
         <file>main.obj</file>
         <name>main.obj</name>
      </input_file>
      <input_file id="fl-8">
         <path>.\</path>
         <kind>object</kind>
         <file>plug.obj</file>
         <name>plug.obj</name>
      </input_file>
      <input_file id="fl-9">
         <path>.\</path>
         <kind>object</kind>
         <file>system.obj</file>
         <name>system.obj</name>
      </input_file>
      <input_file id="fl-a">
         <path>.\</path>
         <kind>object</kind>
         <file>tm4c123gh6pm_startup_ccs.obj</file>
         <name>tm4c123gh6pm_startup_ccs.obj</name>
      </input_file>
      <input_file id="fl-f">
         <path>C:\ti\TivaWare_C_Series-2.1.4.178\driverlib\ccs\Debug\</path>
         <kind>archive</kind>
         <file>driverlib.lib</file>
         <name>adc.obj</name>
      </input_file>
      <input_file id="fl-10">
         <path>C:\ti\TivaWare_C_Series-2.1.4.178\driverlib\ccs\Debug\</path>
         <kind>archive</kind>
         <file>driverlib.lib</file>
         <name>eeprom.obj</name>
      </input_file>
      <input_file id="fl-11">
         <path>C:\ti\TivaWare_C_Series-2.1.4.178\driverlib\ccs\Debug\</path>
         <kind>archive</kind>
         <file>driverlib.lib</file>
         <name>gpio.obj</name>
      </input_file>
      <input_file id="fl-12">
         <path>C:\ti\TivaWare_C_Series-2.1.4.178\driverlib\ccs\Debug\</path>
         <kind>archive</kind>
         <file>driverlib.lib</file>
         <name>interrupt.obj</name>
      </input_file>
      <input_file id="fl-13">
         <path>C:\ti\TivaWare_C_Series-2.1.4.178\driverlib\ccs\Debug\</path>
         <kind>archive</kind>
         <file>driverlib.lib</file>
         <name>sysctl.obj</name>
      </input_file>
      <input_file id="fl-14">
         <path>C:\ti\TivaWare_C_Series-2.1.4.178\driverlib\ccs\Debug\</path>
         <kind>archive</kind>
         <file>driverlib.lib</file>
         <name>timer.obj</name>
      </input_file>
      <input_file id="fl-15">
         <path>C:\ti\TivaWare_C_Series-2.1.4.178\driverlib\ccs\Debug\</path>
         <kind>archive</kind>
         <file>driverlib.lib</file>
         <name>uart.obj</name>
      </input_file>
      <input_file id="fl-16">
         <path>C:\ti\TivaWare_C_Series-2.1.4.178\driverlib\ccs\Debug\</path>
         <kind>archive</kind>
         <file>driverlib.lib</file>
         <name>cpu.obj</name>
      </input_file>
      <input_file id="fl-140">
         <path>F:\Program_files\CCS\ccsv6\tools\compiler\arm_5.1.6\lib\</path>
         <kind>archive</kind>
         <file>rtsv7M4_T_le_v4SPD16_eabi.lib</file>
         <name>boot.obj</name>
      </input_file>
      <input_file id="fl-141">
         <path>F:\Program_files\CCS\ccsv6\tools\compiler\arm_5.1.6\lib\</path>
         <kind>archive</kind>
         <file>rtsv7M4_T_le_v4SPD16_eabi.lib</file>
         <name>copy_decompress_none.obj</name>
      </input_file>
      <input_file id="fl-142">
         <path>F:\Program_files\CCS\ccsv6\tools\compiler\arm_5.1.6\lib\</path>
         <kind>archive</kind>
         <file>rtsv7M4_T_le_v4SPD16_eabi.lib</file>
         <name>copy_decompress_rle.obj</name>
      </input_file>
      <input_file id="fl-143">
         <path>F:\Program_files\CCS\ccsv6\tools\compiler\arm_5.1.6\lib\</path>
         <kind>archive</kind>
         <file>rtsv7M4_T_le_v4SPD16_eabi.lib</file>
         <name>copy_zero_init.obj</name>
      </input_file>
      <input_file id="fl-144">
         <path>F:\Program_files\CCS\ccsv6\tools\compiler\arm_5.1.6\lib\</path>
         <kind>archive</kind>
         <file>rtsv7M4_T_le_v4SPD16_eabi.lib</file>
         <name>cos.obj</name>
      </input_file>
      <input_file id="fl-145">
         <path>F:\Program_files\CCS\ccsv6\tools\compiler\arm_5.1.6\lib\</path>
         <kind>archive</kind>
         <file>rtsv7M4_T_le_v4SPD16_eabi.lib</file>
         <name>exit.obj</name>
      </input_file>
      <input_file id="fl-146">
         <path>F:\Program_files\CCS\ccsv6\tools\compiler\arm_5.1.6\lib\</path>
         <kind>archive</kind>
         <file>rtsv7M4_T_le_v4SPD16_eabi.lib</file>
         <name>fd_add_t2.obj</name>
      </input_file>
      <input_file id="fl-147">
         <path>F:\Program_files\CCS\ccsv6\tools\compiler\arm_5.1.6\lib\</path>
         <kind>archive</kind>
         <file>rtsv7M4_T_le_v4SPD16_eabi.lib</file>
         <name>fd_div_t2.obj</name>
      </input_file>
      <input_file id="fl-148">
         <path>F:\Program_files\CCS\ccsv6\tools\compiler\arm_5.1.6\lib\</path>
         <kind>archive</kind>
         <file>rtsv7M4_T_le_v4SPD16_eabi.lib</file>
         <name>fd_mul_t2.obj</name>
      </input_file>
      <input_file id="fl-149">
         <path>F:\Program_files\CCS\ccsv6\tools\compiler\arm_5.1.6\lib\</path>
         <kind>archive</kind>
         <file>rtsv7M4_T_le_v4SPD16_eabi.lib</file>
         <name>fd_tos_t2.obj</name>
      </input_file>
      <input_file id="fl-14a">
         <path>F:\Program_files\CCS\ccsv6\tools\compiler\arm_5.1.6\lib\</path>
         <kind>archive</kind>
         <file>rtsv7M4_T_le_v4SPD16_eabi.lib</file>
         <name>fs_tod_t2.obj</name>
      </input_file>
      <input_file id="fl-14b">
         <path>F:\Program_files\CCS\ccsv6\tools\compiler\arm_5.1.6\lib\</path>
         <kind>archive</kind>
         <file>rtsv7M4_T_le_v4SPD16_eabi.lib</file>
         <name>memcpy_t2.obj</name>
      </input_file>
      <input_file id="fl-14c">
         <path>F:\Program_files\CCS\ccsv6\tools\compiler\arm_5.1.6\lib\</path>
         <kind>archive</kind>
         <file>rtsv7M4_T_le_v4SPD16_eabi.lib</file>
         <name>sin.obj</name>
      </input_file>
      <input_file id="fl-14d">
         <path>F:\Program_files\CCS\ccsv6\tools\compiler\arm_5.1.6\lib\</path>
         <kind>archive</kind>
         <file>rtsv7M4_T_le_v4SPD16_eabi.lib</file>
         <name>stkdepth_vars.obj</name>
      </input_file>
      <input_file id="fl-14e">
         <path>F:\Program_files\CCS\ccsv6\tools\compiler\arm_5.1.6\lib\</path>
         <kind>archive</kind>
         <file>rtsv7M4_T_le_v4SPD16_eabi.lib</file>
         <name>xsin.obj</name>
      </input_file>
      <input_file id="fl-14f">
         <path>F:\Program_files\CCS\ccsv6\tools\compiler\arm_5.1.6\lib\</path>
         <kind>archive</kind>
         <file>rtsv7M4_T_le_v4SPD16_eabi.lib</file>
         <name>xvalues.obj</name>
      </input_file>
      <input_file id="fl-150">
         <path>F:\Program_files\CCS\ccsv6\tools\compiler\arm_5.1.6\lib\</path>
         <kind>archive</kind>
         <file>rtsv7M4_T_le_v4SPD16_eabi.lib</file>
         <name>_lock.obj</name>
      </input_file>
      <input_file id="fl-151">
         <path>F:\Program_files\CCS\ccsv6\tools\compiler\arm_5.1.6\lib\</path>
         <kind>archive</kind>
         <file>rtsv7M4_T_le_v4SPD16_eabi.lib</file>
         <name>args_main.obj</name>
      </input_file>
      <input_file id="fl-152">
         <path>F:\Program_files\CCS\ccsv6\tools\compiler\arm_5.1.6\lib\</path>
         <kind>archive</kind>
         <file>rtsv7M4_T_le_v4SPD16_eabi.lib</file>
         <name>auto_init.obj</name>
      </input_file>
      <input_file id="fl-153">
         <path>F:\Program_files\CCS\ccsv6\tools\compiler\arm_5.1.6\lib\</path>
         <kind>archive</kind>
         <file>rtsv7M4_T_le_v4SPD16_eabi.lib</file>
         <name>cpy_tbl.obj</name>
      </input_file>
      <input_file id="fl-154">
         <path>F:\Program_files\CCS\ccsv6\tools\compiler\arm_5.1.6\lib\</path>
         <kind>archive</kind>
         <file>rtsv7M4_T_le_v4SPD16_eabi.lib</file>
         <name>fd_cmp_t2.obj</name>
      </input_file>
      <input_file id="fl-155">
         <path>F:\Program_files\CCS\ccsv6\tools\compiler\arm_5.1.6\lib\</path>
         <kind>archive</kind>
         <file>rtsv7M4_T_le_v4SPD16_eabi.lib</file>
         <name>fd_toi_t2.obj</name>
      </input_file>
      <input_file id="fl-156">
         <path>F:\Program_files\CCS\ccsv6\tools\compiler\arm_5.1.6\lib\</path>
         <kind>archive</kind>
         <file>rtsv7M4_T_le_v4SPD16_eabi.lib</file>
         <name>fmod.obj</name>
      </input_file>
      <input_file id="fl-157">
         <path>F:\Program_files\CCS\ccsv6\tools\compiler\arm_5.1.6\lib\</path>
         <kind>archive</kind>
         <file>rtsv7M4_T_le_v4SPD16_eabi.lib</file>
         <name>i_tofd_t2.obj</name>
      </input_file>
      <input_file id="fl-158">
         <path>F:\Program_files\CCS\ccsv6\tools\compiler\arm_5.1.6\lib\</path>
         <kind>archive</kind>
         <file>rtsv7M4_T_le_v4SPD16_eabi.lib</file>
         <name>xdnorm.obj</name>
      </input_file>
      <input_file id="fl-159">
         <path>F:\Program_files\CCS\ccsv6\tools\compiler\arm_5.1.6\lib\</path>
         <kind>archive</kind>
         <file>rtsv7M4_T_le_v4SPD16_eabi.lib</file>
         <name>xdscale.obj</name>
      </input_file>
      <input_file id="fl-15a">
         <path>F:\Program_files\CCS\ccsv6\tools\compiler\arm_5.1.6\lib\</path>
         <kind>archive</kind>
         <file>rtsv7M4_T_le_v4SPD16_eabi.lib</file>
         <name>xdtest.obj</name>
      </input_file>
      <input_file id="fl-15b">
         <path>F:\Program_files\CCS\ccsv6\tools\compiler\arm_5.1.6\lib\</path>
         <kind>archive</kind>
         <file>rtsv7M4_T_le_v4SPD16_eabi.lib</file>
         <name>xferaise.obj</name>
      </input_file>
      <input_file id="fl-15c">
         <path>F:\Program_files\CCS\ccsv6\tools\compiler\arm_5.1.6\lib\</path>
         <kind>archive</kind>
         <file>rtsv7M4_T_le_v4SPD16_eabi.lib</file>
         <name>errno.obj</name>
      </input_file>
      <input_file id="fl-15d">
         <path>F:\Program_files\CCS\ccsv6\tools\compiler\arm_5.1.6\lib\</path>
         <kind>archive</kind>
         <file>rtsv7M4_T_le_v4SPD16_eabi.lib</file>
         <name>feraiseexcept.obj</name>
      </input_file>
      <input_file id="fl-15e">
         <path>F:\Program_files\CCS\ccsv6\tools\compiler\arm_5.1.6\lib\</path>
         <kind>archive</kind>
         <file>rtsv7M4_T_le_v4SPD16_eabi.lib</file>
         <name>raise.obj</name>
      </input_file>
      <input_file id="fl-15f">
         <path>F:\Program_files\CCS\ccsv6\tools\compiler\arm_5.1.6\lib\</path>
         <kind>archive</kind>
         <file>rtsv7M4_T_le_v4SPD16_eabi.lib</file>
         <name>signal.obj</name>
      </input_file>
   </input_file_list>
   <object_component_list>
      <object_component id="oc-e">
         <name>.intvecs</name>
         <load_address>0x0</load_address>
         <run_address>0x0</run_address>
         <size>0x26c</size>
         <input_file_ref idref="fl-a"/>
      </object_component>
      <object_component id="oc-b3">
         <name>.text</name>
         <load_address>0x26c</load_address>
         <run_address>0x26c</run_address>
         <size>0x628</size>
         <input_file_ref idref="fl-3"/>
      </object_component>
      <object_component id="oc-2b4">
         <name>.text</name>
         <load_address>0x894</load_address>
         <run_address>0x894</run_address>
         <size>0x2a8</size>
         <input_file_ref idref="fl-14e"/>
      </object_component>
      <object_component id="oc-bf">
         <name>.text</name>
         <load_address>0xb3c</load_address>
         <run_address>0xb3c</run_address>
         <size>0x1fc</size>
         <input_file_ref idref="fl-5"/>
      </object_component>
      <object_component id="oc-180">
         <name>.text</name>
         <load_address>0xd38</load_address>
         <run_address>0xd38</run_address>
         <size>0x1b6</size>
         <input_file_ref idref="fl-146"/>
      </object_component>
      <object_component id="oc-33c">
         <name>.text</name>
         <load_address>0xef0</load_address>
         <run_address>0xef0</run_address>
         <size>0x16c</size>
         <input_file_ref idref="fl-156"/>
      </object_component>
      <object_component id="oc-a7">
         <name>.text</name>
         <load_address>0x105c</load_address>
         <run_address>0x105c</run_address>
         <size>0x158</size>
         <input_file_ref idref="fl-9"/>
      </object_component>
      <object_component id="oc-175">
         <name>.text</name>
         <load_address>0x11b4</load_address>
         <run_address>0x11b4</run_address>
         <size>0x136</size>
         <input_file_ref idref="fl-147"/>
      </object_component>
      <object_component id="oc-fd">
         <name>.text:GPIOPadConfigSet</name>
         <load_address>0x12ea</load_address>
         <run_address>0x12ea</run_address>
         <size>0x132</size>
         <input_file_ref idref="fl-11"/>
      </object_component>
      <object_component id="oc-7b">
         <name>.text</name>
         <load_address>0x141c</load_address>
         <run_address>0x141c</run_address>
         <size>0x12c</size>
         <input_file_ref idref="fl-7"/>
      </object_component>
      <object_component id="oc-11b">
         <name>.text:SysCtlClockGet</name>
         <load_address>0x1548</load_address>
         <run_address>0x1548</run_address>
         <size>0x110</size>
         <input_file_ref idref="fl-13"/>
      </object_component>
      <object_component id="oc-38a">
         <name>.text</name>
         <load_address>0x1658</load_address>
         <run_address>0x1658</run_address>
         <size>0x110</size>
         <input_file_ref idref="fl-159"/>
      </object_component>
      <object_component id="oc-170">
         <name>.text</name>
         <load_address>0x1768</load_address>
         <run_address>0x1768</run_address>
         <size>0xfc</size>
         <input_file_ref idref="fl-148"/>
      </object_component>
      <object_component id="oc-eb">
         <name>.text:SysCtlClockSet</name>
         <load_address>0x1864</load_address>
         <run_address>0x1864</run_address>
         <size>0xf4</size>
         <input_file_ref idref="fl-13"/>
      </object_component>
      <object_component id="oc-b9">
         <name>.text</name>
         <load_address>0x1958</load_address>
         <run_address>0x1958</run_address>
         <size>0xe4</size>
         <input_file_ref idref="fl-6"/>
      </object_component>
      <object_component id="oc-c5">
         <name>.text</name>
         <load_address>0x1a3c</load_address>
         <run_address>0x1a3c</run_address>
         <size>0xd4</size>
         <input_file_ref idref="fl-2"/>
      </object_component>
      <object_component id="oc-10f">
         <name>.text:EEPROMProgram</name>
         <load_address>0x1b10</load_address>
         <run_address>0x1b10</run_address>
         <size>0xc4</size>
         <input_file_ref idref="fl-10"/>
      </object_component>
      <object_component id="oc-384">
         <name>.text</name>
         <load_address>0x1bd4</load_address>
         <run_address>0x1bd4</run_address>
         <size>0xc4</size>
         <input_file_ref idref="fl-158"/>
      </object_component>
      <object_component id="oc-ad">
         <name>.text</name>
         <load_address>0x1c98</load_address>
         <run_address>0x1c98</run_address>
         <size>0xa0</size>
         <input_file_ref idref="fl-8"/>
      </object_component>
      <object_component id="oc-47">
         <name>.text</name>
         <load_address>0x1d38</load_address>
         <run_address>0x1d38</run_address>
         <size>0x9c</size>
         <input_file_ref idref="fl-14b"/>
      </object_component>
      <object_component id="oc-32">
         <name>.text</name>
         <load_address>0x1dd4</load_address>
         <run_address>0x1dd4</run_address>
         <size>0x94</size>
         <input_file_ref idref="fl-152"/>
      </object_component>
      <object_component id="oc-337">
         <name>.text:__aeabi_cdcmple</name>
         <load_address>0x1e68</load_address>
         <run_address>0x1e68</run_address>
         <size>0x86</size>
         <input_file_ref idref="fl-154"/>
      </object_component>
      <object_component id="oc-139">
         <name>.text:IntEnable</name>
         <load_address>0x1ef0</load_address>
         <run_address>0x1ef0</run_address>
         <size>0x68</size>
         <input_file_ref idref="fl-12"/>
      </object_component>
      <object_component id="oc-115">
         <name>.text:TimerConfigure</name>
         <load_address>0x1f58</load_address>
         <run_address>0x1f58</run_address>
         <size>0x60</size>
         <input_file_ref idref="fl-14"/>
      </object_component>
      <object_component id="oc-5a">
         <name>.text</name>
         <load_address>0x1fb8</load_address>
         <run_address>0x1fb8</run_address>
         <size>0x5e</size>
         <input_file_ref idref="fl-142"/>
      </object_component>
      <object_component id="oc-196">
         <name>.text:GPIOIntTypeSet</name>
         <load_address>0x2016</load_address>
         <run_address>0x2016</run_address>
         <size>0x56</size>
         <input_file_ref idref="fl-11"/>
      </object_component>
      <object_component id="oc-1b5">
         <name>.text:ADCSequenceConfigure</name>
         <load_address>0x206c</load_address>
         <run_address>0x206c</run_address>
         <size>0x50</size>
         <input_file_ref idref="fl-f"/>
      </object_component>
      <object_component id="oc-273">
         <name>.text:SysCtlPeripheralReset</name>
         <load_address>0x20bc</load_address>
         <run_address>0x20bc</run_address>
         <size>0x50</size>
         <input_file_ref idref="fl-13"/>
      </object_component>
      <object_component id="oc-2d6">
         <name>.text:_ADCIntNumberGet</name>
         <load_address>0x210c</load_address>
         <run_address>0x210c</run_address>
         <size>0x50</size>
         <input_file_ref idref="fl-f"/>
      </object_component>
      <object_component id="oc-298">
         <name>.text:_TimerIntNumberGet</name>
         <load_address>0x215c</load_address>
         <run_address>0x215c</run_address>
         <size>0x4c</size>
         <input_file_ref idref="fl-14"/>
      </object_component>
      <object_component id="oc-18b">
         <name>.text</name>
         <load_address>0x21a8</load_address>
         <run_address>0x21a8</run_address>
         <size>0x4a</size>
         <input_file_ref idref="fl-149"/>
      </object_component>
      <object_component id="oc-1f8">
         <name>.text:GPIOPinConfigure</name>
         <load_address>0x21f4</load_address>
         <run_address>0x21f4</run_address>
         <size>0x48</size>
         <input_file_ref idref="fl-11"/>
      </object_component>
      <object_component id="oc-11">
         <name>.text</name>
         <load_address>0x223c</load_address>
         <run_address>0x223c</run_address>
         <size>0x48</size>
         <input_file_ref idref="fl-140"/>
      </object_component>
      <object_component id="oc-342">
         <name>.text</name>
         <load_address>0x2284</load_address>
         <run_address>0x2284</run_address>
         <size>0x48</size>
         <input_file_ref idref="fl-155"/>
      </object_component>
      <object_component id="oc-21c">
         <name>.text:UARTConfigSetExpClk</name>
         <load_address>0x22cc</load_address>
         <run_address>0x22cc</run_address>
         <size>0x46</size>
         <input_file_ref idref="fl-15"/>
      </object_component>
      <object_component id="oc-2c6">
         <name>.text:_GPIOIntNumberGet</name>
         <load_address>0x2314</load_address>
         <run_address>0x2314</run_address>
         <size>0x44</size>
         <input_file_ref idref="fl-11"/>
      </object_component>
      <object_component id="oc-74">
         <name>.text</name>
         <load_address>0x2358</load_address>
         <run_address>0x2358</run_address>
         <size>0x44</size>
         <input_file_ref idref="fl-153"/>
      </object_component>
      <object_component id="oc-3d">
         <name>.text</name>
         <load_address>0x239c</load_address>
         <run_address>0x239c</run_address>
         <size>0x44</size>
         <input_file_ref idref="fl-145"/>
      </object_component>
      <object_component id="oc-32b">
         <name>.text</name>
         <load_address>0x23e0</load_address>
         <run_address>0x23e0</run_address>
         <size>0x44</size>
         <input_file_ref idref="fl-15a"/>
      </object_component>
      <object_component id="oc-103">
         <name>.text:EEPROMInit</name>
         <load_address>0x2424</load_address>
         <run_address>0x2424</run_address>
         <size>0x40</size>
         <input_file_ref idref="fl-10"/>
      </object_component>
      <object_component id="oc-2f8">
         <name>.text:_UARTIntNumberGet</name>
         <load_address>0x2464</load_address>
         <run_address>0x2464</run_address>
         <size>0x40</size>
         <input_file_ref idref="fl-15"/>
      </object_component>
      <object_component id="oc-3be">
         <name>.text</name>
         <load_address>0x24a4</load_address>
         <run_address>0x24a4</run_address>
         <size>0x40</size>
         <input_file_ref idref="fl-15f"/>
      </object_component>
      <object_component id="oc-282">
         <name>.text:_EEPROMSectorMaskSet</name>
         <load_address>0x24e4</load_address>
         <run_address>0x24e4</run_address>
         <size>0x3c</size>
         <input_file_ref idref="fl-10"/>
      </object_component>
      <object_component id="oc-109">
         <name>.text:EEPROMRead</name>
         <load_address>0x2520</load_address>
         <run_address>0x2520</run_address>
         <size>0x38</size>
         <input_file_ref idref="fl-10"/>
      </object_component>
      <object_component id="oc-16b">
         <name>.text</name>
         <load_address>0x2558</load_address>
         <run_address>0x2558</run_address>
         <size>0x38</size>
         <input_file_ref idref="fl-14a"/>
      </object_component>
      <object_component id="oc-29e">
         <name>.text:IntRegister</name>
         <load_address>0x2590</load_address>
         <run_address>0x2590</run_address>
         <size>0x34</size>
         <input_file_ref idref="fl-12"/>
      </object_component>
      <object_component id="oc-f1">
         <name>.text:SysCtlPeripheralEnable</name>
         <load_address>0x25c4</load_address>
         <run_address>0x25c4</run_address>
         <size>0x34</size>
         <input_file_ref idref="fl-13"/>
      </object_component>
      <object_component id="oc-27c">
         <name>.text:_EEPROMSectorMaskClear</name>
         <load_address>0x25f8</load_address>
         <run_address>0x25f8</run_address>
         <size>0x34</size>
         <input_file_ref idref="fl-10"/>
      </object_component>
      <object_component id="oc-379">
         <name>.text</name>
         <load_address>0x262c</load_address>
         <run_address>0x262c</run_address>
         <size>0x34</size>
         <input_file_ref idref="fl-15d"/>
      </object_component>
      <object_component id="oc-331">
         <name>.text</name>
         <load_address>0x2660</load_address>
         <run_address>0x2660</run_address>
         <size>0x30</size>
         <input_file_ref idref="fl-15b"/>
      </object_component>
      <object_component id="oc-347">
         <name>.text</name>
         <load_address>0x2690</load_address>
         <run_address>0x2690</run_address>
         <size>0x2e</size>
         <input_file_ref idref="fl-157"/>
      </object_component>
      <object_component id="oc-3a9">
         <name>.text</name>
         <load_address>0x26be</load_address>
         <run_address>0x26be</run_address>
         <size>0x2e</size>
         <input_file_ref idref="fl-15e"/>
      </object_component>
      <object_component id="oc-264">
         <name>.text:GPIODirModeSet</name>
         <load_address>0x26ec</load_address>
         <run_address>0x26ec</run_address>
         <size>0x2a</size>
         <input_file_ref idref="fl-11"/>
      </object_component>
      <object_component id="oc-2ee">
         <name>.text:UARTDisable</name>
         <load_address>0x2718</load_address>
         <run_address>0x2718</run_address>
         <size>0x20</size>
         <input_file_ref idref="fl-15"/>
      </object_component>
      <object_component id="oc-1d9">
         <name>.text:ADCSequenceDataGet</name>
         <load_address>0x2738</load_address>
         <run_address>0x2738</run_address>
         <size>0x1e</size>
         <input_file_ref idref="fl-f"/>
      </object_component>
      <object_component id="oc-185">
         <name>.text</name>
         <load_address>0x2756</load_address>
         <run_address>0x2756</run_address>
         <size>0x1a</size>
         <input_file_ref idref="fl-144"/>
      </object_component>
      <object_component id="oc-17a">
         <name>.text</name>
         <load_address>0x2770</load_address>
         <run_address>0x2770</run_address>
         <size>0x1a</size>
         <input_file_ref idref="fl-14c"/>
      </object_component>
      <object_component id="oc-1cd">
         <name>.text:ADCIntRegister</name>
         <load_address>0x278a</load_address>
         <run_address>0x278a</run_address>
         <size>0x18</size>
         <input_file_ref idref="fl-f"/>
      </object_component>
      <object_component id="oc-1a2">
         <name>.text:ADCProcessorTrigger</name>
         <load_address>0x27a2</load_address>
         <run_address>0x27a2</run_address>
         <size>0x18</size>
         <input_file_ref idref="fl-f"/>
      </object_component>
      <object_component id="oc-19c">
         <name>.text:GPIOIntRegister</name>
         <load_address>0x27ba</load_address>
         <run_address>0x27ba</run_address>
         <size>0x18</size>
         <input_file_ref idref="fl-11"/>
      </object_component>
      <object_component id="oc-152">
         <name>.text:GPIOPinTypeGPIOOutput</name>
         <load_address>0x27d2</load_address>
         <run_address>0x27d2</run_address>
         <size>0x18</size>
         <input_file_ref idref="fl-11"/>
      </object_component>
      <object_component id="oc-1df">
         <name>.text:TimerDisable</name>
         <load_address>0x27ec</load_address>
         <run_address>0x27ec</run_address>
         <size>0x18</size>
         <input_file_ref idref="fl-14"/>
      </object_component>
      <object_component id="oc-133">
         <name>.text:TimerIntRegister</name>
         <load_address>0x2804</load_address>
         <run_address>0x2804</run_address>
         <size>0x18</size>
         <input_file_ref idref="fl-14"/>
      </object_component>
      <object_component id="oc-234">
         <name>.text:UARTIntRegister</name>
         <load_address>0x281c</load_address>
         <run_address>0x281c</run_address>
         <size>0x18</size>
         <input_file_ref idref="fl-15"/>
      </object_component>
      <object_component id="oc-37">
         <name>.text</name>
         <load_address>0x2834</load_address>
         <run_address>0x2834</run_address>
         <size>0x18</size>
         <input_file_ref idref="fl-151"/>
      </object_component>
      <object_component id="oc-1f2">
         <name>.text:SysCtlPWMClockSet</name>
         <load_address>0x284c</load_address>
         <run_address>0x284c</run_address>
         <size>0x14</size>
         <input_file_ref idref="fl-13"/>
      </object_component>
      <object_component id="oc-23a">
         <name>.text:UARTEnable</name>
         <load_address>0x2860</load_address>
         <run_address>0x2860</run_address>
         <size>0x14</size>
         <input_file_ref idref="fl-15"/>
      </object_component>
      <object_component id="oc-d6">
         <name>.text</name>
         <load_address>0x2874</load_address>
         <run_address>0x2874</run_address>
         <size>0x14</size>
         <input_file_ref idref="fl-150"/>
      </object_component>
      <object_component id="oc-1a9">
         <name>.text:GPIOPinTypeADC</name>
         <load_address>0x2888</load_address>
         <run_address>0x2888</run_address>
         <size>0x12</size>
         <input_file_ref idref="fl-11"/>
      </object_component>
      <object_component id="oc-f7">
         <name>.text:GPIOPinTypeGPIOInput</name>
         <load_address>0x289a</load_address>
         <run_address>0x289a</run_address>
         <size>0x12</size>
         <input_file_ref idref="fl-11"/>
      </object_component>
      <object_component id="oc-1fe">
         <name>.text:GPIOPinTypeTimer</name>
         <load_address>0x28ac</load_address>
         <run_address>0x28ac</run_address>
         <size>0x12</size>
         <input_file_ref idref="fl-11"/>
      </object_component>
      <object_component id="oc-216">
         <name>.text:GPIOPinTypeUART</name>
         <load_address>0x28be</load_address>
         <run_address>0x28be</run_address>
         <size>0x12</size>
         <input_file_ref idref="fl-11"/>
      </object_component>
      <object_component id="oc-121">
         <name>.text:TimerLoadSet</name>
         <load_address>0x28d0</load_address>
         <run_address>0x28d0</run_address>
         <size>0x12</size>
         <input_file_ref idref="fl-14"/>
      </object_component>
      <object_component id="oc-204">
         <name>.text:TimerMatchSet</name>
         <load_address>0x28e2</load_address>
         <run_address>0x28e2</run_address>
         <size>0x12</size>
         <input_file_ref idref="fl-14"/>
      </object_component>
      <object_component id="oc-1c">
         <name>.text:decompress:ZI</name>
         <load_address>0x28f4</load_address>
         <run_address>0x28f4</run_address>
         <size>0x12</size>
         <input_file_ref idref="fl-143"/>
      </object_component>
      <object_component id="oc-1c1">
         <name>.text:ADCIntEnable</name>
         <load_address>0x2906</load_address>
         <run_address>0x2906</run_address>
         <size>0x10</size>
         <input_file_ref idref="fl-f"/>
      </object_component>
      <object_component id="oc-127">
         <name>.text:IntMasterEnable</name>
         <load_address>0x2916</load_address>
         <run_address>0x2916</run_address>
         <size>0x10</size>
         <input_file_ref idref="fl-12"/>
      </object_component>
      <object_component id="oc-26d">
         <name>.text:_EEPROMWaitForDone</name>
         <load_address>0x2928</load_address>
         <run_address>0x2928</run_address>
         <size>0x10</size>
         <input_file_ref idref="fl-10"/>
      </object_component>
      <object_component id="oc-1af">
         <name>.text:ADCHardwareOversampleConfigure</name>
         <load_address>0x2938</load_address>
         <run_address>0x2938</run_address>
         <size>0xe</size>
         <input_file_ref idref="fl-f"/>
      </object_component>
      <object_component id="oc-1bb">
         <name>.text:ADCSequenceEnable</name>
         <load_address>0x2946</load_address>
         <run_address>0x2946</run_address>
         <size>0xe</size>
         <input_file_ref idref="fl-f"/>
      </object_component>
      <object_component id="oc-165">
         <name>.text:GPIOIntDisable</name>
         <load_address>0x2954</load_address>
         <run_address>0x2954</run_address>
         <size>0xe</size>
         <input_file_ref idref="fl-11"/>
      </object_component>
      <object_component id="oc-1e5">
         <name>.text:GPIOIntStatus</name>
         <load_address>0x2962</load_address>
         <run_address>0x2962</run_address>
         <size>0xe</size>
         <input_file_ref idref="fl-11"/>
      </object_component>
      <object_component id="oc-13f">
         <name>.text:TimerEnable</name>
         <load_address>0x2970</load_address>
         <run_address>0x2970</run_address>
         <size>0xe</size>
         <input_file_ref idref="fl-14"/>
      </object_component>
      <object_component id="oc-24c">
         <name>.text:UARTCharGetNonBlocking</name>
         <load_address>0x297e</load_address>
         <run_address>0x297e</run_address>
         <size>0xe</size>
         <input_file_ref idref="fl-15"/>
      </object_component>
      <object_component id="oc-252">
         <name>.text:UARTCharsAvail</name>
         <load_address>0x298c</load_address>
         <run_address>0x298c</run_address>
         <size>0xe</size>
         <input_file_ref idref="fl-15"/>
      </object_component>
      <object_component id="oc-16">
         <name>.text:decompress:none</name>
         <load_address>0x299a</load_address>
         <run_address>0x299a</run_address>
         <size>0xe</size>
         <input_file_ref idref="fl-141"/>
      </object_component>
      <object_component id="oc-290">
         <name>.text:CPUcpsie</name>
         <load_address>0x29a8</load_address>
         <run_address>0x29a8</run_address>
         <size>0xc</size>
         <input_file_ref idref="fl-16"/>
      </object_component>
      <object_component id="oc-15f">
         <name>.text:GPIOIntEnable</name>
         <load_address>0x29b4</load_address>
         <run_address>0x29b4</run_address>
         <size>0xc</size>
         <input_file_ref idref="fl-11"/>
      </object_component>
      <object_component id="oc-29">
         <name>.text</name>
         <load_address>0x29c0</load_address>
         <run_address>0x29c0</run_address>
         <size>0xc</size>
         <input_file_ref idref="fl-a"/>
      </object_component>
      <object_component id="oc-1d3">
         <name>.text:ADCIntClear</name>
         <load_address>0x29cc</load_address>
         <run_address>0x29cc</run_address>
         <size>0xa</size>
         <input_file_ref idref="fl-f"/>
      </object_component>
      <object_component id="oc-222">
         <name>.text:UARTFIFOEnable</name>
         <load_address>0x29d6</load_address>
         <run_address>0x29d6</run_address>
         <size>0xa</size>
         <input_file_ref idref="fl-15"/>
      </object_component>
      <object_component id="oc-246">
         <name>.text:UARTIntDisable</name>
         <load_address>0x29e0</load_address>
         <run_address>0x29e0</run_address>
         <size>0xa</size>
         <input_file_ref idref="fl-15"/>
      </object_component>
      <object_component id="oc-1c7">
         <name>.text:ADCIntEnableEx</name>
         <load_address>0x29ea</load_address>
         <run_address>0x29ea</run_address>
         <size>0x8</size>
         <input_file_ref idref="fl-f"/>
      </object_component>
      <object_component id="oc-12d">
         <name>.text:TimerIntEnable</name>
         <load_address>0x29f2</load_address>
         <run_address>0x29f2</run_address>
         <size>0x8</size>
         <input_file_ref idref="fl-14"/>
      </object_component>
      <object_component id="oc-22e">
         <name>.text:UARTIntEnable</name>
         <load_address>0x29fa</load_address>
         <run_address>0x29fa</run_address>
         <size>0x8</size>
         <input_file_ref idref="fl-15"/>
      </object_component>
      <object_component id="oc-1eb">
         <name>.text:GPIOIntClear</name>
         <load_address>0x2a02</load_address>
         <run_address>0x2a02</run_address>
         <size>0x6</size>
         <input_file_ref idref="fl-11"/>
      </object_component>
      <object_component id="oc-14b">
         <name>.text:GPIOPinRead</name>
         <load_address>0x2a08</load_address>
         <run_address>0x2a08</run_address>
         <size>0x6</size>
         <input_file_ref idref="fl-11"/>
      </object_component>
      <object_component id="oc-158">
         <name>.text:GPIOPinWrite</name>
         <load_address>0x2a0e</load_address>
         <run_address>0x2a0e</run_address>
         <size>0x6</size>
         <input_file_ref idref="fl-11"/>
      </object_component>
      <object_component id="oc-1a8">
         <name>.text:SysCtlDelay</name>
         <load_address>0x2a14</load_address>
         <run_address>0x2a14</run_address>
         <size>0x6</size>
         <input_file_ref idref="fl-13"/>
      </object_component>
      <object_component id="oc-210">
         <name>.text:UARTClockSourceSet</name>
         <load_address>0x2a1a</load_address>
         <run_address>0x2a1a</run_address>
         <size>0x6</size>
         <input_file_ref idref="fl-15"/>
      </object_component>
      <object_component id="oc-228">
         <name>.text:UARTFIFOLevelSet</name>
         <load_address>0x2a20</load_address>
         <run_address>0x2a20</run_address>
         <size>0x6</size>
         <input_file_ref idref="fl-15"/>
      </object_component>
      <object_component id="oc-22">
         <name>.text:decompress:rle24</name>
         <load_address>0x2a26</load_address>
         <run_address>0x2a26</run_address>
         <size>0x6</size>
         <input_file_ref idref="fl-142"/>
      </object_component>
      <object_component id="oc-145">
         <name>.text:TimerIntClear</name>
         <load_address>0x2a2c</load_address>
         <run_address>0x2a2c</run_address>
         <size>0x4</size>
         <input_file_ref idref="fl-14"/>
      </object_component>
      <object_component id="oc-240">
         <name>.text:UARTIntClear</name>
         <load_address>0x2a30</load_address>
         <run_address>0x2a30</run_address>
         <size>0x4</size>
         <input_file_ref idref="fl-15"/>
      </object_component>
      <object_component id="oc-35c">
         <name>.const:g_ppui32GPIOIntMapSnowflake</name>
         <load_address>0x2a38</load_address>
         <run_address>0x2a38</run_address>
         <size>0xd8</size>
         <input_file_ref idref="fl-11"/>
      </object_component>
      <object_component id="oc-359">
         <name>.const:g_ppui32GPIOIntMapBlizzard</name>
         <load_address>0x2b10</load_address>
         <run_address>0x2b10</run_address>
         <size>0xc0</size>
         <input_file_ref idref="fl-11"/>
      </object_component>
      <object_component id="oc-2e3">
         <name>.const:g_pui32GPIOBaseAddrs</name>
         <load_address>0x2bd0</load_address>
         <run_address>0x2bd0</run_address>
         <size>0x90</size>
         <input_file_ref idref="fl-11"/>
      </object_component>
      <object_component id="oc-34f">
         <name>.const</name>
         <load_address>0x2c60</load_address>
         <run_address>0x2c60</run_address>
         <size>0x80</size>
         <input_file_ref idref="fl-14e"/>
      </object_component>
      <object_component id="oc-2a5">
         <name>.const</name>
         <load_address>0x2ce0</load_address>
         <run_address>0x2ce0</run_address>
         <size>0x70</size>
         <input_file_ref idref="fl-12"/>
      </object_component>
      <object_component id="oc-28b">
         <name>.const:g_pui32Xtals</name>
         <load_address>0x2d50</load_address>
         <run_address>0x2d50</run_address>
         <size>0x6c</size>
         <input_file_ref idref="fl-13"/>
      </object_component>
      <object_component id="oc-31c">
         <name>.const:g_ppui32TimerIntMap</name>
         <load_address>0x2dbc</load_address>
         <run_address>0x2dbc</run_address>
         <size>0x60</size>
         <input_file_ref idref="fl-14"/>
      </object_component>
      <object_component id="oc-31f">
         <name>.const:g_ppui32TimerIntMapSnowflake</name>
         <load_address>0x2e1c</load_address>
         <run_address>0x2e1c</run_address>
         <size>0x40</size>
         <input_file_ref idref="fl-14"/>
      </object_component>
      <object_component id="oc-368">
         <name>.const:g_ppui32UARTIntMap</name>
         <load_address>0x2e5c</load_address>
         <run_address>0x2e5c</run_address>
         <size>0x40</size>
         <input_file_ref idref="fl-15"/>
      </object_component>
      <object_component id="oc-36b">
         <name>.const:g_ppui32UARTIntMapSnowflake</name>
         <load_address>0x2e9c</load_address>
         <run_address>0x2e9c</run_address>
         <size>0x40</size>
         <input_file_ref idref="fl-15"/>
      </object_component>
      <object_component id="oc-193">
         <name>.const</name>
         <load_address>0x2edc</load_address>
         <run_address>0x2edc</run_address>
         <size>0x10</size>
         <input_file_ref idref="fl-4"/>
      </object_component>
      <object_component id="oc-258">
         <name>.const</name>
         <load_address>0x2eec</load_address>
         <run_address>0x2eec</run_address>
         <size>0x4</size>
         <input_file_ref idref="fl-2"/>
      </object_component>
      <object_component id="oc-406">
         <name>.cinit..data.load</name>
         <load_address>0x2ef0</load_address>
         <run_address>0x2ef0</run_address>
         <size>0x56</size>
      </object_component>
      <object_component id="oc-403">
         <name>__TI_handler_table</name>
         <load_address>0x2f48</load_address>
         <run_address>0x2f48</run_address>
         <size>0xc</size>
      </object_component>
      <object_component id="oc-405">
         <name>.cinit..vtable.load</name>
         <load_address>0x2f58</load_address>
         <run_address>0x2f58</run_address>
         <size>0x8</size>
      </object_component>
      <object_component id="oc-404">
         <name>__TI_cinit_table</name>
         <load_address>0x2f60</load_address>
         <run_address>0x2f60</run_address>
         <size>0x10</size>
      </object_component>
      <object_component id="oc-323">
         <name>.vtable</name>
         <uninitialized>true</uninitialized>
         <run_address>0x20000000</run_address>
         <size>0x26c</size>
         <input_file_ref idref="fl-12"/>
      </object_component>
      <object_component id="oc-43">
         <name>.data</name>
         <load_address>0x200005e8</load_address>
         <run_address>0x200005e8</run_address>
         <size>0x4</size>
         <input_file_ref idref="fl-14d"/>
      </object_component>
      <object_component id="oc-83">
         <name>.data</name>
         <load_address>0x200005cc</load_address>
         <run_address>0x200005cc</run_address>
         <size>0x8</size>
         <input_file_ref idref="fl-150"/>
      </object_component>
      <object_component id="oc-86">
         <name>.data</name>
         <load_address>0x200005d4</load_address>
         <run_address>0x200005d4</run_address>
         <size>0x8</size>
         <input_file_ref idref="fl-145"/>
      </object_component>
      <object_component id="oc-cb">
         <name>.data</name>
         <load_address>0x200005ae</load_address>
         <run_address>0x200005ae</run_address>
         <size>0xc</size>
         <input_file_ref idref="fl-4"/>
      </object_component>
      <object_component id="oc-190">
         <name>.data</name>
         <load_address>0x200005a0</load_address>
         <run_address>0x200005a0</run_address>
         <size>0xd</size>
         <input_file_ref idref="fl-3"/>
      </object_component>
      <object_component id="oc-20a">
         <name>.data</name>
         <load_address>0x200005c4</load_address>
         <run_address>0x200005c4</run_address>
         <size>0x8</size>
         <input_file_ref idref="fl-6"/>
      </object_component>
      <object_component id="oc-20e">
         <name>.data</name>
         <load_address>0x200005bc</load_address>
         <run_address>0x200005bc</run_address>
         <size>0x8</size>
         <input_file_ref idref="fl-5"/>
      </object_component>
      <object_component id="oc-34c">
         <name>.data</name>
         <load_address>0x20000520</load_address>
         <run_address>0x20000520</run_address>
         <size>0x80</size>
         <input_file_ref idref="fl-14f"/>
      </object_component>
      <object_component id="oc-37f">
         <name>.data</name>
         <load_address>0x200005e4</load_address>
         <run_address>0x200005e4</run_address>
         <size>0x4</size>
         <input_file_ref idref="fl-15c"/>
      </object_component>
      <object_component id="oc-3af">
         <name>.data</name>
         <load_address>0x200005dc</load_address>
         <run_address>0x200005dc</run_address>
         <size>0x8</size>
         <input_file_ref idref="fl-15d"/>
      </object_component>
      <object_component id="oc-3d5">
         <name>.data:sigtable</name>
         <load_address>0x20000470</load_address>
         <run_address>0x20000470</run_address>
         <size>0xb0</size>
         <input_file_ref idref="fl-15f"/>
      </object_component>
      <object_component id="oc-28">
         <name>.stack</name>
         <uninitialized>true</uninitialized>
         <run_address>0x2000026c</run_address>
         <size>0x0</size>
         <input_file_ref idref="fl-140"/>
      </object_component>
      <object_component id="oc-407">
         <name>.stack</name>
         <uninitialized>true</uninitialized>
         <run_address>0x2000026c</run_address>
         <size>0x0</size>
      </object_component>
      <object_component id="oc-f">
         <name>.debug_info</name>
         <load_address>0x0</load_address>
         <run_address>0x0</run_address>
         <size>0xe9</size>
         <input_file_ref idref="fl-a"/>
      </object_component>
      <object_component id="oc-13">
         <name>.debug_info</name>
         <load_address>0xe9</load_address>
         <run_address>0xe9</run_address>
         <size>0xf3</size>
         <input_file_ref idref="fl-140"/>
      </object_component>
      <object_component id="oc-17">
         <name>.debug_info</name>
         <load_address>0x1dc</load_address>
         <run_address>0x1dc</run_address>
         <size>0x194</size>
         <input_file_ref idref="fl-141"/>
      </object_component>
      <object_component id="oc-1d">
         <name>.debug_info</name>
         <load_address>0x370</load_address>
         <run_address>0x370</run_address>
         <size>0x16a</size>
         <input_file_ref idref="fl-143"/>
      </object_component>
      <object_component id="oc-24">
         <name>.debug_info</name>
         <load_address>0x4da</load_address>
         <run_address>0x4da</run_address>
         <size>0x18e</size>
         <input_file_ref idref="fl-142"/>
      </object_component>
      <object_component id="oc-2a">
         <name>.debug_info</name>
         <load_address>0x668</load_address>
         <run_address>0x668</run_address>
         <size>0x265</size>
         <input_file_ref idref="fl-a"/>
      </object_component>
      <object_component id="oc-31">
         <name>.debug_info</name>
         <load_address>0x8cd</load_address>
         <run_address>0x8cd</run_address>
         <size>0x104</size>
         <input_file_ref idref="fl-a"/>
      </object_component>
      <object_component id="oc-33">
         <name>.debug_info</name>
         <load_address>0x9d1</load_address>
         <run_address>0x9d1</run_address>
         <size>0x13d</size>
         <input_file_ref idref="fl-152"/>
      </object_component>
      <object_component id="oc-3a">
         <name>.debug_info</name>
         <load_address>0xb0e</load_address>
         <run_address>0xb0e</run_address>
         <size>0x11c</size>
         <input_file_ref idref="fl-151"/>
      </object_component>
      <object_component id="oc-3e">
         <name>.debug_info</name>
         <load_address>0xc2a</load_address>
         <run_address>0xc2a</run_address>
         <size>0x1c2</size>
         <input_file_ref idref="fl-145"/>
      </object_component>
      <object_component id="oc-44">
         <name>.debug_info</name>
         <load_address>0xdec</load_address>
         <run_address>0xdec</run_address>
         <size>0xbe</size>
         <input_file_ref idref="fl-14d"/>
      </object_component>
      <object_component id="oc-4a">
         <name>.debug_info</name>
         <load_address>0xeaa</load_address>
         <run_address>0xeaa</run_address>
         <size>0xcc</size>
         <input_file_ref idref="fl-14b"/>
      </object_component>
      <object_component id="oc-4d">
         <name>.debug_info</name>
         <load_address>0xf76</load_address>
         <run_address>0xf76</run_address>
         <size>0x46</size>
         <input_file_ref idref="fl-141"/>
      </object_component>
      <object_component id="oc-52">
         <name>.debug_info</name>
         <load_address>0xfbc</load_address>
         <run_address>0xfbc</run_address>
         <size>0xf2</size>
         <input_file_ref idref="fl-141"/>
      </object_component>
      <object_component id="oc-54">
         <name>.debug_info</name>
         <load_address>0x10ae</load_address>
         <run_address>0x10ae</run_address>
         <size>0x46</size>
         <input_file_ref idref="fl-143"/>
      </object_component>
      <object_component id="oc-59">
         <name>.debug_info</name>
         <load_address>0x10f4</load_address>
         <run_address>0x10f4</run_address>
         <size>0xad</size>
         <input_file_ref idref="fl-143"/>
      </object_component>
      <object_component id="oc-5d">
         <name>.debug_info</name>
         <load_address>0x11a1</load_address>
         <run_address>0x11a1</run_address>
         <size>0x1ef</size>
         <input_file_ref idref="fl-142"/>
      </object_component>
      <object_component id="oc-61">
         <name>.debug_info</name>
         <load_address>0x1390</load_address>
         <run_address>0x1390</run_address>
         <size>0xb7</size>
         <input_file_ref idref="fl-142"/>
      </object_component>
      <object_component id="oc-62">
         <name>.debug_info</name>
         <load_address>0x1447</load_address>
         <run_address>0x1447</run_address>
         <size>0x39</size>
         <input_file_ref idref="fl-142"/>
      </object_component>
      <object_component id="oc-6a">
         <name>.debug_info</name>
         <load_address>0x1480</load_address>
         <run_address>0x1480</run_address>
         <size>0x84</size>
         <input_file_ref idref="fl-6"/>
      </object_component>
      <object_component id="oc-6f">
         <name>.debug_info</name>
         <load_address>0x1504</load_address>
         <run_address>0x1504</run_address>
         <size>0x18b</size>
         <input_file_ref idref="fl-2"/>
      </object_component>
      <object_component id="oc-76">
         <name>.debug_info</name>
         <load_address>0x168f</load_address>
         <run_address>0x168f</run_address>
         <size>0x14b</size>
         <input_file_ref idref="fl-153"/>
      </object_component>
      <object_component id="oc-7d">
         <name>.debug_info</name>
         <load_address>0x17da</load_address>
         <run_address>0x17da</run_address>
         <size>0x328</size>
         <input_file_ref idref="fl-7"/>
      </object_component>
      <object_component id="oc-82">
         <name>.debug_info</name>
         <load_address>0x1b02</load_address>
         <run_address>0x1b02</run_address>
         <size>0x11b</size>
         <input_file_ref idref="fl-151"/>
      </object_component>
      <object_component id="oc-84">
         <name>.debug_info</name>
         <load_address>0x1c1d</load_address>
         <run_address>0x1c1d</run_address>
         <size>0xc8</size>
         <input_file_ref idref="fl-150"/>
      </object_component>
      <object_component id="oc-87">
         <name>.debug_info</name>
         <load_address>0x1ce5</load_address>
         <run_address>0x1ce5</run_address>
         <size>0xeb</size>
         <input_file_ref idref="fl-145"/>
      </object_component>
      <object_component id="oc-8a">
         <name>.debug_info</name>
         <load_address>0x1dd0</load_address>
         <run_address>0x1dd0</run_address>
         <size>0x146</size>
         <input_file_ref idref="fl-145"/>
      </object_component>
      <object_component id="oc-8f">
         <name>.debug_info</name>
         <load_address>0x1f16</load_address>
         <run_address>0x1f16</run_address>
         <size>0x2c</size>
         <input_file_ref idref="fl-141"/>
      </object_component>
      <object_component id="oc-96">
         <name>.debug_info</name>
         <load_address>0x1f42</load_address>
         <run_address>0x1f42</run_address>
         <size>0x2c</size>
         <input_file_ref idref="fl-143"/>
      </object_component>
      <object_component id="oc-a0">
         <name>.debug_info</name>
         <load_address>0x1f6e</load_address>
         <run_address>0x1f6e</run_address>
         <size>0x8b</size>
         <input_file_ref idref="fl-2"/>
      </object_component>
      <object_component id="oc-a6">
         <name>.debug_info</name>
         <load_address>0x1ff9</load_address>
         <run_address>0x1ff9</run_address>
         <size>0x148</size>
         <input_file_ref idref="fl-153"/>
      </object_component>
      <object_component id="oc-a9">
         <name>.debug_info</name>
         <load_address>0x2141</load_address>
         <run_address>0x2141</run_address>
         <size>0x68c</size>
         <input_file_ref idref="fl-9"/>
      </object_component>
      <object_component id="oc-af">
         <name>.debug_info</name>
         <load_address>0x27cd</load_address>
         <run_address>0x27cd</run_address>
         <size>0x343</size>
         <input_file_ref idref="fl-8"/>
      </object_component>
      <object_component id="oc-b5">
         <name>.debug_info</name>
         <load_address>0x2b10</load_address>
         <run_address>0x2b10</run_address>
         <size>0xfb8</size>
         <input_file_ref idref="fl-3"/>
      </object_component>
      <object_component id="oc-ba">
         <name>.debug_info</name>
         <load_address>0x3ac8</load_address>
         <run_address>0x3ac8</run_address>
         <size>0x3cf</size>
         <input_file_ref idref="fl-6"/>
      </object_component>
      <object_component id="oc-c1">
         <name>.debug_info</name>
         <load_address>0x3e97</load_address>
         <run_address>0x3e97</run_address>
         <size>0x1f5</size>
         <input_file_ref idref="fl-5"/>
      </object_component>
      <object_component id="oc-c6">
         <name>.debug_info</name>
         <load_address>0x408c</load_address>
         <run_address>0x408c</run_address>
         <size>0x422</size>
         <input_file_ref idref="fl-2"/>
      </object_component>
      <object_component id="oc-cc">
         <name>.debug_info</name>
         <load_address>0x44ae</load_address>
         <run_address>0x44ae</run_address>
         <size>0x26a</size>
         <input_file_ref idref="fl-4"/>
      </object_component>
      <object_component id="oc-d1">
         <name>.debug_info</name>
         <load_address>0x4718</load_address>
         <run_address>0x4718</run_address>
         <size>0x5e</size>
         <input_file_ref idref="fl-151"/>
      </object_component>
      <object_component id="oc-d7">
         <name>.debug_info</name>
         <load_address>0x4776</load_address>
         <run_address>0x4776</run_address>
         <size>0x1d4</size>
         <input_file_ref idref="fl-150"/>
      </object_component>
      <object_component id="oc-de">
         <name>.debug_info</name>
         <load_address>0x494a</load_address>
         <run_address>0x494a</run_address>
         <size>0xd9</size>
         <input_file_ref idref="fl-150"/>
      </object_component>
      <object_component id="oc-e6">
         <name>.debug_info</name>
         <load_address>0x4a23</load_address>
         <run_address>0x4a23</run_address>
         <size>0xcd</size>
         <input_file_ref idref="fl-153"/>
      </object_component>
      <object_component id="oc-ec">
         <name>.debug_info</name>
         <load_address>0x4af0</load_address>
         <run_address>0x4af0</run_address>
         <size>0x2db</size>
         <input_file_ref idref="fl-13"/>
      </object_component>
      <object_component id="oc-f2">
         <name>.debug_info</name>
         <load_address>0x4dcb</load_address>
         <run_address>0x4dcb</run_address>
         <size>0x27d</size>
         <input_file_ref idref="fl-13"/>
      </object_component>
      <object_component id="oc-f9">
         <name>.debug_info</name>
         <load_address>0x5048</load_address>
         <run_address>0x5048</run_address>
         <size>0x285</size>
         <input_file_ref idref="fl-11"/>
      </object_component>
      <object_component id="oc-fe">
         <name>.debug_info</name>
         <load_address>0x52cd</load_address>
         <run_address>0x52cd</run_address>
         <size>0x316</size>
         <input_file_ref idref="fl-11"/>
      </object_component>
      <object_component id="oc-104">
         <name>.debug_info</name>
         <load_address>0x55e3</load_address>
         <run_address>0x55e3</run_address>
         <size>0x2c8</size>
         <input_file_ref idref="fl-10"/>
      </object_component>
      <object_component id="oc-10b">
         <name>.debug_info</name>
         <load_address>0x58ab</load_address>
         <run_address>0x58ab</run_address>
         <size>0x2c5</size>
         <input_file_ref idref="fl-10"/>
      </object_component>
      <object_component id="oc-111">
         <name>.debug_info</name>
         <load_address>0x5b70</load_address>
         <run_address>0x5b70</run_address>
         <size>0x376</size>
         <input_file_ref idref="fl-10"/>
      </object_component>
      <object_component id="oc-117">
         <name>.debug_info</name>
         <load_address>0x5ee6</load_address>
         <run_address>0x5ee6</run_address>
         <size>0x28c</size>
         <input_file_ref idref="fl-14"/>
      </object_component>
      <object_component id="oc-11c">
         <name>.debug_info</name>
         <load_address>0x6172</load_address>
         <run_address>0x6172</run_address>
         <size>0x2b5</size>
         <input_file_ref idref="fl-13"/>
      </object_component>
      <object_component id="oc-123">
         <name>.debug_info</name>
         <load_address>0x6427</load_address>
         <run_address>0x6427</run_address>
         <size>0x2ba</size>
         <input_file_ref idref="fl-14"/>
      </object_component>
      <object_component id="oc-129">
         <name>.debug_info</name>
         <load_address>0x66e1</load_address>
         <run_address>0x66e1</run_address>
         <size>0x23e</size>
         <input_file_ref idref="fl-12"/>
      </object_component>
      <object_component id="oc-12f">
         <name>.debug_info</name>
         <load_address>0x691f</load_address>
         <run_address>0x691f</run_address>
         <size>0x294</size>
         <input_file_ref idref="fl-14"/>
      </object_component>
      <object_component id="oc-135">
         <name>.debug_info</name>
         <load_address>0x6bb3</load_address>
         <run_address>0x6bb3</run_address>
         <size>0x2e4</size>
         <input_file_ref idref="fl-14"/>
      </object_component>
      <object_component id="oc-13b">
         <name>.debug_info</name>
         <load_address>0x6e97</load_address>
         <run_address>0x6e97</run_address>
         <size>0x268</size>
         <input_file_ref idref="fl-12"/>
      </object_component>
      <object_component id="oc-141">
         <name>.debug_info</name>
         <load_address>0x70ff</load_address>
         <run_address>0x70ff</run_address>
         <size>0x27f</size>
         <input_file_ref idref="fl-14"/>
      </object_component>
      <object_component id="oc-147">
         <name>.debug_info</name>
         <load_address>0x737e</load_address>
         <run_address>0x737e</run_address>
         <size>0x292</size>
         <input_file_ref idref="fl-14"/>
      </object_component>
      <object_component id="oc-14d">
         <name>.debug_info</name>
         <load_address>0x7610</load_address>
         <run_address>0x7610</run_address>
         <size>0x27b</size>
         <input_file_ref idref="fl-11"/>
      </object_component>
      <object_component id="oc-154">
         <name>.debug_info</name>
         <load_address>0x788b</load_address>
         <run_address>0x788b</run_address>
         <size>0x2b7</size>
         <input_file_ref idref="fl-11"/>
      </object_component>
      <object_component id="oc-159">
         <name>.debug_info</name>
         <load_address>0x7b42</load_address>
         <run_address>0x7b42</run_address>
         <size>0x2a3</size>
         <input_file_ref idref="fl-11"/>
      </object_component>
      <object_component id="oc-161">
         <name>.debug_info</name>
         <load_address>0x7de5</load_address>
         <run_address>0x7de5</run_address>
         <size>0x28f</size>
         <input_file_ref idref="fl-11"/>
      </object_component>
      <object_component id="oc-166">
         <name>.debug_info</name>
         <load_address>0x8074</load_address>
         <run_address>0x8074</run_address>
         <size>0x291</size>
         <input_file_ref idref="fl-11"/>
      </object_component>
      <object_component id="oc-16d">
         <name>.debug_info</name>
         <load_address>0x8305</load_address>
         <run_address>0x8305</run_address>
         <size>0xdf</size>
         <input_file_ref idref="fl-14a"/>
      </object_component>
      <object_component id="oc-171">
         <name>.debug_info</name>
         <load_address>0x83e4</load_address>
         <run_address>0x83e4</run_address>
         <size>0xed</size>
         <input_file_ref idref="fl-148"/>
      </object_component>
      <object_component id="oc-176">
         <name>.debug_info</name>
         <load_address>0x84d1</load_address>
         <run_address>0x84d1</run_address>
         <size>0xed</size>
         <input_file_ref idref="fl-147"/>
      </object_component>
      <object_component id="oc-17d">
         <name>.debug_info</name>
         <load_address>0x85be</load_address>
         <run_address>0x85be</run_address>
         <size>0xff</size>
         <input_file_ref idref="fl-14c"/>
      </object_component>
      <object_component id="oc-181">
         <name>.debug_info</name>
         <load_address>0x86bd</load_address>
         <run_address>0x86bd</run_address>
         <size>0xff</size>
         <input_file_ref idref="fl-146"/>
      </object_component>
      <object_component id="oc-186">
         <name>.debug_info</name>
         <load_address>0x87bc</load_address>
         <run_address>0x87bc</run_address>
         <size>0xff</size>
         <input_file_ref idref="fl-144"/>
      </object_component>
      <object_component id="oc-18e">
         <name>.debug_info</name>
         <load_address>0x88bb</load_address>
         <run_address>0x88bb</run_address>
         <size>0xe8</size>
         <input_file_ref idref="fl-149"/>
      </object_component>
      <object_component id="oc-191">
         <name>.debug_info</name>
         <load_address>0x89a3</load_address>
         <run_address>0x89a3</run_address>
         <size>0x136</size>
         <input_file_ref idref="fl-3"/>
      </object_component>
      <object_component id="oc-194">
         <name>.debug_info</name>
         <load_address>0x8ad9</load_address>
         <run_address>0x8ad9</run_address>
         <size>0x176</size>
         <input_file_ref idref="fl-4"/>
      </object_component>
      <object_component id="oc-198">
         <name>.debug_info</name>
         <load_address>0x8c4f</load_address>
         <run_address>0x8c4f</run_address>
         <size>0x2bb</size>
         <input_file_ref idref="fl-11"/>
      </object_component>
      <object_component id="oc-19e">
         <name>.debug_info</name>
         <load_address>0x8f0a</load_address>
         <run_address>0x8f0a</run_address>
         <size>0x2cf</size>
         <input_file_ref idref="fl-11"/>
      </object_component>
      <object_component id="oc-1a5">
         <name>.debug_info</name>
         <load_address>0x91d9</load_address>
         <run_address>0x91d9</run_address>
         <size>0x2a4</size>
         <input_file_ref idref="fl-f"/>
      </object_component>
      <object_component id="oc-1ab">
         <name>.debug_info</name>
         <load_address>0x947d</load_address>
         <run_address>0x947d</run_address>
         <size>0x279</size>
         <input_file_ref idref="fl-11"/>
      </object_component>
      <object_component id="oc-1b2">
         <name>.debug_info</name>
         <load_address>0x96f6</load_address>
         <run_address>0x96f6</run_address>
         <size>0x2c1</size>
         <input_file_ref idref="fl-f"/>
      </object_component>
      <object_component id="oc-1b8">
         <name>.debug_info</name>
         <load_address>0x99b7</load_address>
         <run_address>0x99b7</run_address>
         <size>0x326</size>
         <input_file_ref idref="fl-f"/>
      </object_component>
      <object_component id="oc-1be">
         <name>.debug_info</name>
         <load_address>0x9cdd</load_address>
         <run_address>0x9cdd</run_address>
         <size>0x2a0</size>
         <input_file_ref idref="fl-f"/>
      </object_component>
      <object_component id="oc-1c4">
         <name>.debug_info</name>
         <load_address>0x9f7d</load_address>
         <run_address>0x9f7d</run_address>
         <size>0x296</size>
         <input_file_ref idref="fl-f"/>
      </object_component>
      <object_component id="oc-1ca">
         <name>.debug_info</name>
         <load_address>0xa213</load_address>
         <run_address>0xa213</run_address>
         <size>0x28e</size>
         <input_file_ref idref="fl-f"/>
      </object_component>
      <object_component id="oc-1d0">
         <name>.debug_info</name>
         <load_address>0xa4a1</load_address>
         <run_address>0xa4a1</run_address>
         <size>0x2df</size>
         <input_file_ref idref="fl-f"/>
      </object_component>
      <object_component id="oc-1d6">
         <name>.debug_info</name>
         <load_address>0xa780</load_address>
         <run_address>0xa780</run_address>
         <size>0x294</size>
         <input_file_ref idref="fl-f"/>
      </object_component>
      <object_component id="oc-1dc">
         <name>.debug_info</name>
         <load_address>0xaa14</load_address>
         <run_address>0xaa14</run_address>
         <size>0x2ff</size>
         <input_file_ref idref="fl-f"/>
      </object_component>
      <object_component id="oc-1e1">
         <name>.debug_info</name>
         <load_address>0xad13</load_address>
         <run_address>0xad13</run_address>
         <size>0x281</size>
         <input_file_ref idref="fl-14"/>
      </object_component>
      <object_component id="oc-1e7">
         <name>.debug_info</name>
         <load_address>0xaf94</load_address>
         <run_address>0xaf94</run_address>
         <size>0x27f</size>
         <input_file_ref idref="fl-11"/>
      </object_component>
      <object_component id="oc-1ec">
         <name>.debug_info</name>
         <load_address>0xb213</load_address>
         <run_address>0xb213</run_address>
         <size>0x28d</size>
         <input_file_ref idref="fl-11"/>
      </object_component>
      <object_component id="oc-1f3">
         <name>.debug_info</name>
         <load_address>0xb4a0</load_address>
         <run_address>0xb4a0</run_address>
         <size>0x263</size>
         <input_file_ref idref="fl-13"/>
      </object_component>
      <object_component id="oc-1fa">
         <name>.debug_info</name>
         <load_address>0xb703</load_address>
         <run_address>0xb703</run_address>
         <size>0x280</size>
         <input_file_ref idref="fl-11"/>
      </object_component>
      <object_component id="oc-1ff">
         <name>.debug_info</name>
         <load_address>0xb983</load_address>
         <run_address>0xb983</run_address>
         <size>0x27d</size>
         <input_file_ref idref="fl-11"/>
      </object_component>
      <object_component id="oc-206">
         <name>.debug_info</name>
         <load_address>0xbc00</load_address>
         <run_address>0xbc00</run_address>
         <size>0x2bc</size>
         <input_file_ref idref="fl-14"/>
      </object_component>
      <object_component id="oc-20b">
         <name>.debug_info</name>
         <load_address>0xbebc</load_address>
         <run_address>0xbebc</run_address>
         <size>0xed</size>
         <input_file_ref idref="fl-6"/>
      </object_component>
      <object_component id="oc-211">
         <name>.debug_info</name>
         <load_address>0xbfa9</load_address>
         <run_address>0xbfa9</run_address>
         <size>0x291</size>
         <input_file_ref idref="fl-15"/>
      </object_component>
      <object_component id="oc-217">
         <name>.debug_info</name>
         <load_address>0xc23a</load_address>
         <run_address>0xc23a</run_address>
         <size>0x27b</size>
         <input_file_ref idref="fl-11"/>
      </object_component>
      <object_component id="oc-21d">
         <name>.debug_info</name>
         <load_address>0xc4b5</load_address>
         <run_address>0xc4b5</run_address>
         <size>0x326</size>
         <input_file_ref idref="fl-15"/>
      </object_component>
      <object_component id="oc-223">
         <name>.debug_info</name>
         <load_address>0xc7db</load_address>
         <run_address>0xc7db</run_address>
         <size>0x24f</size>
         <input_file_ref idref="fl-15"/>
      </object_component>
      <object_component id="oc-229">
         <name>.debug_info</name>
         <load_address>0xca2a</load_address>
         <run_address>0xca2a</run_address>
         <size>0x2cf</size>
         <input_file_ref idref="fl-15"/>
      </object_component>
      <object_component id="oc-22f">
         <name>.debug_info</name>
         <load_address>0xccf9</load_address>
         <run_address>0xccf9</run_address>
         <size>0x28f</size>
         <input_file_ref idref="fl-15"/>
      </object_component>
      <object_component id="oc-235">
         <name>.debug_info</name>
         <load_address>0xcf88</load_address>
         <run_address>0xcf88</run_address>
         <size>0x2c3</size>
         <input_file_ref idref="fl-15"/>
      </object_component>
      <object_component id="oc-23b">
         <name>.debug_info</name>
         <load_address>0xd24b</load_address>
         <run_address>0xd24b</run_address>
         <size>0x247</size>
         <input_file_ref idref="fl-15"/>
      </object_component>
      <object_component id="oc-241">
         <name>.debug_info</name>
         <load_address>0xd492</load_address>
         <run_address>0xd492</run_address>
         <size>0x28d</size>
         <input_file_ref idref="fl-15"/>
      </object_component>
      <object_component id="oc-247">
         <name>.debug_info</name>
         <load_address>0xd71f</load_address>
         <run_address>0xd71f</run_address>
         <size>0x291</size>
         <input_file_ref idref="fl-15"/>
      </object_component>
      <object_component id="oc-24d">
         <name>.debug_info</name>
         <load_address>0xd9b0</load_address>
         <run_address>0xd9b0</run_address>
         <size>0x263</size>
         <input_file_ref idref="fl-15"/>
      </object_component>
      <object_component id="oc-253">
         <name>.debug_info</name>
         <load_address>0xdc13</load_address>
         <run_address>0xdc13</run_address>
         <size>0x253</size>
         <input_file_ref idref="fl-15"/>
      </object_component>
      <object_component id="oc-259">
         <name>.debug_info</name>
         <load_address>0xde66</load_address>
         <run_address>0xde66</run_address>
         <size>0xd2</size>
         <input_file_ref idref="fl-2"/>
      </object_component>
      <object_component id="oc-262">
         <name>.debug_info</name>
         <load_address>0xdf38</load_address>
         <run_address>0xdf38</run_address>
         <size>0x298</size>
         <input_file_ref idref="fl-13"/>
      </object_component>
      <object_component id="oc-265">
         <name>.debug_info</name>
         <load_address>0xe1d0</load_address>
         <run_address>0xe1d0</run_address>
         <size>0x2b3</size>
         <input_file_ref idref="fl-11"/>
      </object_component>
      <object_component id="oc-26c">
         <name>.debug_info</name>
         <load_address>0xe483</load_address>
         <run_address>0xe483</run_address>
         <size>0x240</size>
         <input_file_ref idref="fl-11"/>
      </object_component>
      <object_component id="oc-26f">
         <name>.debug_info</name>
         <load_address>0xe6c3</load_address>
         <run_address>0xe6c3</run_address>
         <size>0x227</size>
         <input_file_ref idref="fl-10"/>
      </object_component>
      <object_component id="oc-275">
         <name>.debug_info</name>
         <load_address>0xe8ea</load_address>
         <run_address>0xe8ea</run_address>
         <size>0x295</size>
         <input_file_ref idref="fl-13"/>
      </object_component>
      <object_component id="oc-27b">
         <name>.debug_info</name>
         <load_address>0xeb7f</load_address>
         <run_address>0xeb7f</run_address>
         <size>0x1a7</size>
         <input_file_ref idref="fl-10"/>
      </object_component>
      <object_component id="oc-27e">
         <name>.debug_info</name>
         <load_address>0xed26</load_address>
         <run_address>0xed26</run_address>
         <size>0x277</size>
         <input_file_ref idref="fl-10"/>
      </object_component>
      <object_component id="oc-284">
         <name>.debug_info</name>
         <load_address>0xef9d</load_address>
         <run_address>0xef9d</run_address>
         <size>0x2b1</size>
         <input_file_ref idref="fl-10"/>
      </object_component>
      <object_component id="oc-28a">
         <name>.debug_info</name>
         <load_address>0xf24e</load_address>
         <run_address>0xf24e</run_address>
         <size>0x223</size>
         <input_file_ref idref="fl-14"/>
      </object_component>
      <object_component id="oc-28c">
         <name>.debug_info</name>
         <load_address>0xf471</load_address>
         <run_address>0xf471</run_address>
         <size>0x14d</size>
         <input_file_ref idref="fl-13"/>
      </object_component>
      <object_component id="oc-291">
         <name>.debug_info</name>
         <load_address>0xf5be</load_address>
         <run_address>0xf5be</run_address>
         <size>0x212</size>
         <input_file_ref idref="fl-16"/>
      </object_component>
      <object_component id="oc-29a">
         <name>.debug_info</name>
         <load_address>0xf7d0</load_address>
         <run_address>0xf7d0</run_address>
         <size>0x2eb</size>
         <input_file_ref idref="fl-14"/>
      </object_component>
      <object_component id="oc-2a0">
         <name>.debug_info</name>
         <load_address>0xfabb</load_address>
         <run_address>0xfabb</run_address>
         <size>0x2c1</size>
         <input_file_ref idref="fl-12"/>
      </object_component>
      <object_component id="oc-2a6">
         <name>.debug_info</name>
         <load_address>0xfd7c</load_address>
         <run_address>0xfd7c</run_address>
         <size>0x210</size>
         <input_file_ref idref="fl-12"/>
      </object_component>
      <object_component id="oc-2a9">
         <name>.debug_info</name>
         <load_address>0xff8c</load_address>
         <run_address>0xff8c</run_address>
         <size>0x20e</size>
         <input_file_ref idref="fl-12"/>
      </object_component>
      <object_component id="oc-2b7">
         <name>.debug_info</name>
         <load_address>0x1019a</load_address>
         <run_address>0x1019a</run_address>
         <size>0x46d</size>
         <input_file_ref idref="fl-14e"/>
      </object_component>
      <object_component id="oc-2bb">
         <name>.debug_info</name>
         <load_address>0x10607</load_address>
         <run_address>0x10607</run_address>
         <size>0xb4</size>
         <input_file_ref idref="fl-14c"/>
      </object_component>
      <object_component id="oc-2be">
         <name>.debug_info</name>
         <load_address>0x106bb</load_address>
         <run_address>0x106bb</run_address>
         <size>0xb4</size>
         <input_file_ref idref="fl-144"/>
      </object_component>
      <object_component id="oc-2c4">
         <name>.debug_info</name>
         <load_address>0x1076f</load_address>
         <run_address>0x1076f</run_address>
         <size>0xc7</size>
         <input_file_ref idref="fl-4"/>
      </object_component>
      <object_component id="oc-2c8">
         <name>.debug_info</name>
         <load_address>0x10836</load_address>
         <run_address>0x10836</run_address>
         <size>0x298</size>
         <input_file_ref idref="fl-11"/>
      </object_component>
      <object_component id="oc-2ce">
         <name>.debug_info</name>
         <load_address>0x10ace</load_address>
         <run_address>0x10ace</run_address>
         <size>0x24d</size>
         <input_file_ref idref="fl-f"/>
      </object_component>
      <object_component id="oc-2d9">
         <name>.debug_info</name>
         <load_address>0x10d1b</load_address>
         <run_address>0x10d1b</run_address>
         <size>0x2bf</size>
         <input_file_ref idref="fl-f"/>
      </object_component>
      <object_component id="oc-2e4">
         <name>.debug_info</name>
         <load_address>0x10fda</load_address>
         <run_address>0x10fda</run_address>
         <size>0x15b</size>
         <input_file_ref idref="fl-11"/>
      </object_component>
      <object_component id="oc-2ec">
         <name>.debug_info</name>
         <load_address>0x11135</load_address>
         <run_address>0x11135</run_address>
         <size>0x227</size>
         <input_file_ref idref="fl-15"/>
      </object_component>
      <object_component id="oc-2ef">
         <name>.debug_info</name>
         <load_address>0x1135c</load_address>
         <run_address>0x1135c</run_address>
         <size>0x249</size>
         <input_file_ref idref="fl-15"/>
      </object_component>
      <object_component id="oc-2f9">
         <name>.debug_info</name>
         <load_address>0x115a5</load_address>
         <run_address>0x115a5</run_address>
         <size>0x27e</size>
         <input_file_ref idref="fl-15"/>
      </object_component>
      <object_component id="oc-306">
         <name>.debug_info</name>
         <load_address>0x11823</load_address>
         <run_address>0x11823</run_address>
         <size>0x3f6</size>
         <input_file_ref idref="fl-2"/>
      </object_component>
      <object_component id="oc-309">
         <name>.debug_info</name>
         <load_address>0x11c19</load_address>
         <run_address>0x11c19</run_address>
         <size>0x5f</size>
         <input_file_ref idref="fl-13"/>
      </object_component>
      <object_component id="oc-31d">
         <name>.debug_info</name>
         <load_address>0x11c78</load_address>
         <run_address>0x11c78</run_address>
         <size>0x15a</size>
         <input_file_ref idref="fl-14"/>
      </object_component>
[...]
         <name>Sys_Init</name>
         <value>0x105d</value>
         <object_component_ref idref="oc-a7"/>
      </symbol>
      <symbol id="sm-1b9">
         <name>Sys_Eeprom_Init</name>
         <value>0x10c3</value>
         <object_component_ref idref="oc-a7"/>
      </symbol>
      <symbol id="sm-1ba">
         <name>Sys_Restore_Byte</name>
         <value>0x10d1</value>
         <object_component_ref idref="oc-a7"/>
      </symbol>
      <symbol id="sm-1bb">
         <name>Sys_GpipInit</name>
         <value>0x108b</value>
         <object_component_ref idref="oc-a7"/>
      </symbol>
      <symbol id="sm-1bc">
         <name>Sys_Store_Byte</name>
         <value>0x10eb</value>
         <object_component_ref idref="oc-a7"/>
      </symbol>
      <symbol id="sm-1bd">
         <name>Timer0Init</name>
         <value>0x110d</value>
         <object_component_ref idref="oc-a7"/>
      </symbol>
      <symbol id="sm-1be">
         <name>Timer0IntHandler</name>
         <value>0x115d</value>
         <object_component_ref idref="oc-a7"/>
      </symbol>
      <symbol id="sm-1da">
         <name>ResetISR</name>
         <value>0x29c1</value>
         <object_component_ref idref="oc-29"/>
      </symbol>
      <symbol id="sm-1db">
         <name>g_pfnVectors</name>
         <value>0x0</value>
         <object_component_ref idref="oc-e"/>
      </symbol>
      <symbol id="sm-242">
         <name>ADCIntEnableEx</name>
         <value>0x29eb</value>
         <object_component_ref idref="oc-1c7"/>
      </symbol>
      <symbol id="sm-243">
         <name>ADCProcessorTrigger</name>
         <value>0x27a3</value>
         <object_component_ref idref="oc-1a2"/>
      </symbol>
      <symbol id="sm-244">
         <name>ADCSequenceEnable</name>
         <value>0x2947</value>
         <object_component_ref idref="oc-1bb"/>
      </symbol>
      <symbol id="sm-245">
         <name>ADCSequenceConfigure</name>
         <value>0x206d</value>
         <object_component_ref idref="oc-1b5"/>
      </symbol>
      <symbol id="sm-246">
         <name>ADCIntEnable</name>
         <value>0x2907</value>
         <object_component_ref idref="oc-1c1"/>
      </symbol>
      <symbol id="sm-247">
         <name>ADCIntClear</name>
         <value>0x29cd</value>
         <object_component_ref idref="oc-1d3"/>
      </symbol>
      <symbol id="sm-248">
         <name>ADCHardwareOversampleConfigure</name>
         <value>0x2939</value>
         <object_component_ref idref="oc-1af"/>
      </symbol>
      <symbol id="sm-249">
         <name>ADCIntRegister</name>
         <value>0x278b</value>
         <object_component_ref idref="oc-1cd"/>
      </symbol>
      <symbol id="sm-24a">
         <name>ADCSequenceDataGet</name>
         <value>0x2739</value>
         <object_component_ref idref="oc-1d9"/>
      </symbol>
      <symbol id="sm-2a5">
         <name>EEPROMRead</name>
         <value>0x2521</value>
         <object_component_ref idref="oc-109"/>
      </symbol>
      <symbol id="sm-2a6">
         <name>EEPROMProgram</name>
         <value>0x1b11</value>
         <object_component_ref idref="oc-10f"/>
      </symbol>
      <symbol id="sm-2a7">
         <name>EEPROMInit</name>
         <value>0x2425</value>
         <object_component_ref idref="oc-103"/>
      </symbol>
      <symbol id="sm-358">
         <name>GPIOIntRegister</name>
         <value>0x27bb</value>
         <object_component_ref idref="oc-19c"/>
      </symbol>
      <symbol id="sm-359">
         <name>GPIOPinConfigure</name>
         <value>0x21f5</value>
         <object_component_ref idref="oc-1f8"/>
      </symbol>
      <symbol id="sm-35a">
         <name>GPIOIntDisable</name>
         <value>0x2955</value>
         <object_component_ref idref="oc-165"/>
      </symbol>
      <symbol id="sm-35b">
         <name>GPIOIntEnable</name>
         <value>0x29b5</value>
         <object_component_ref idref="oc-15f"/>
      </symbol>
      <symbol id="sm-35c">
         <name>GPIOIntTypeSet</name>
         <value>0x2017</value>
         <object_component_ref idref="oc-196"/>
      </symbol>
      <symbol id="sm-35d">
         <name>GPIOPinTypeADC</name>
         <value>0x2889</value>
         <object_component_ref idref="oc-1a9"/>
      </symbol>
      <symbol id="sm-35e">
         <name>GPIOPinTypeGPIOInput</name>
         <value>0x289b</value>
         <object_component_ref idref="oc-f7"/>
      </symbol>
      <symbol id="sm-35f">
         <name>GPIOIntClear</name>
         <value>0x2a03</value>
         <object_component_ref idref="oc-1eb"/>
      </symbol>
      <symbol id="sm-360">
         <name>GPIOPinTypeUART</name>
         <value>0x28bf</value>
         <object_component_ref idref="oc-216"/>
      </symbol>
      <symbol id="sm-361">
         <name>GPIOIntStatus</name>
         <value>0x2963</value>
         <object_component_ref idref="oc-1e5"/>
      </symbol>
      <symbol id="sm-362">
         <name>GPIOPinTypeGPIOOutput</name>
         <value>0x27d3</value>
         <object_component_ref idref="oc-152"/>
      </symbol>
      <symbol id="sm-363">
         <name>GPIOPinRead</name>
         <value>0x2a09</value>
         <object_component_ref idref="oc-14b"/>
      </symbol>
      <symbol id="sm-364">
         <name>GPIODirModeSet</name>
         <value>0x26ed</value>
         <object_component_ref idref="oc-264"/>
      </symbol>
      <symbol id="sm-365">
         <name>GPIOPinWrite</name>
         <value>0x2a0f</value>
         <object_component_ref idref="oc-158"/>
      </symbol>
      <symbol id="sm-366">
         <name>GPIOPadConfigSet</name>
         <value>0x12eb</value>
         <object_component_ref idref="oc-fd"/>
      </symbol>
      <symbol id="sm-367">
         <name>GPIOPinTypeTimer</name>
         <value>0x28ad</value>
         <object_component_ref idref="oc-1fe"/>
      </symbol>
      <symbol id="sm-3a9">
         <name>IntEnable</name>
         <value>0x1ef1</value>
         <object_component_ref idref="oc-139"/>
      </symbol>
      <symbol id="sm-3aa">
         <name>IntRegister</name>
         <value>0x2591</value>
         <object_component_ref idref="oc-29e"/>
      </symbol>
      <symbol id="sm-3ab">
         <name>g_pfnRAMVectors</name>
         <value>0x20000000</value>
         <object_component_ref idref="oc-323"/>
      </symbol>
      <symbol id="sm-3ac">
         <name>IntMasterEnable</name>
         <value>0x2917</value>
         <object_component_ref idref="oc-127"/>
      </symbol>
      <symbol id="sm-414">
         <name>SysCtlClockSet</name>
         <value>0x1865</value>
         <object_component_ref idref="oc-eb"/>
      </symbol>
      <symbol id="sm-415">
         <name>SysCtlDelay</name>
         <value>0x2a15</value>
         <object_component_ref idref="oc-1a8"/>
      </symbol>
      <symbol id="sm-416">
         <name>SysCtlPeripheralEnable</name>
         <value>0x25c5</value>
         <object_component_ref idref="oc-f1"/>
      </symbol>
      <symbol id="sm-417">
         <name>SysCtlClockGet</name>
         <value>0x1549</value>
         <object_component_ref idref="oc-11b"/>
      </symbol>
      <symbol id="sm-418">
         <name>SysCtlPWMClockSet</name>
         <value>0x284d</value>
         <object_component_ref idref="oc-1f2"/>
      </symbol>
      <symbol id="sm-419">
         <name>SysCtlPeripheralReset</name>
         <value>0x20bd</value>
         <object_component_ref idref="oc-273"/>
      </symbol>
      <symbol id="sm-486">
         <name>TimerMatchSet</name>
         <value>0x28e3</value>
         <object_component_ref idref="oc-204"/>
      </symbol>
      <symbol id="sm-487">
         <name>TimerLoadSet</name>
         <value>0x28d1</value>
         <object_component_ref idref="oc-121"/>
      </symbol>
      <symbol id="sm-488">
         <name>TimerDisable</name>
         <value>0x27ed</value>
         <object_component_ref idref="oc-1df"/>
      </symbol>
      <symbol id="sm-489">
         <name>TimerIntRegister</name>
         <value>0x2805</value>
         <object_component_ref idref="oc-133"/>
      </symbol>
      <symbol id="sm-48a">
         <name>TimerEnable</name>
         <value>0x2971</value>
         <object_component_ref idref="oc-13f"/>
      </symbol>
      <symbol id="sm-48b">
         <name>TimerIntEnable</name>
         <value>0x29f3</value>
         <object_component_ref idref="oc-12d"/>
      </symbol>
      <symbol id="sm-48c">
         <name>TimerConfigure</name>
         <value>0x1f59</value>
         <object_component_ref idref="oc-115"/>
      </symbol>
      <symbol id="sm-48d">
         <name>TimerIntClear</name>
         <value>0x2a2d</value>
         <object_component_ref idref="oc-145"/>
      </symbol>
      <symbol id="sm-515">
         <name>UARTConfigSetExpClk</name>
         <value>0x22cd</value>
         <object_component_ref idref="oc-21c"/>
      </symbol>
      <symbol id="sm-516">
         <name>UARTDisable</name>
         <value>0x2719</value>
         <object_component_ref idref="oc-2ee"/>
      </symbol>
      <symbol id="sm-517">
         <name>UARTIntEnable</name>
         <value>0x29fb</value>
         <object_component_ref idref="oc-22e"/>
      </symbol>
      <symbol id="sm-518">
         <name>UARTCharsAvail</name>
         <value>0x298d</value>
         <object_component_ref idref="oc-252"/>
      </symbol>
      <symbol id="sm-519">
         <name>UARTCharGetNonBlocking</name>
         <value>0x297f</value>
         <object_component_ref idref="oc-24c"/>
      </symbol>
      <symbol id="sm-51a">
         <name>UARTClockSourceSet</name>
         <value>0x2a1b</value>
         <object_component_ref idref="oc-210"/>
      </symbol>
      <symbol id="sm-51b">
         <name>UARTIntDisable</name>
         <value>0x29e1</value>
         <object_component_ref idref="oc-246"/>
      </symbol>
      <symbol id="sm-51c">
         <name>UARTEnable</name>
         <value>0x2861</value>
         <object_component_ref idref="oc-23a"/>
      </symbol>
      <symbol id="sm-51d">
         <name>UARTFIFOEnable</name>
         <value>0x29d7</value>
         <object_component_ref idref="oc-222"/>
      </symbol>
      <symbol id="sm-51e">
         <name>UARTIntClear</name>
         <value>0x2a31</value>
         <object_component_ref idref="oc-240"/>
      </symbol>
      <symbol id="sm-51f">
         <name>UARTFIFOLevelSet</name>
         <value>0x2a21</value>
         <object_component_ref idref="oc-228"/>
      </symbol>
      <symbol id="sm-520">
         <name>UARTIntRegister</name>
         <value>0x281d</value>
         <object_component_ref idref="oc-234"/>
      </symbol>
      <symbol id="sm-52a">
         <name>CPUcpsie</name>
         <value>0x29a9</value>
         <object_component_ref idref="oc-290"/>
      </symbol>
      <symbol id="sm-53a">
         <name>_c_int00</name>
         <value>0x223d</value>
         <object_component_ref idref="oc-11"/>
      </symbol>
      <symbol id="sm-53b">
         <name>__stack</name>
         <value>0x2000026c</value>
         <object_component_ref idref="oc-28"/>
      </symbol>
      <symbol id="sm-552">
         <name>__TI_decompress_none</name>
         <value>0x299b</value>
         <object_component_ref idref="oc-16"/>
      </symbol>
      <symbol id="sm-576">
         <name>__TI_decompress_rle24</name>
         <value>0x2a27</value>
         <object_component_ref idref="oc-22"/>
      </symbol>
      <symbol id="sm-58f">
         <name>__TI_zero_init</name>
         <value>0x28f5</value>
         <object_component_ref idref="oc-1c"/>
      </symbol>
      <symbol id="sm-59c">
         <name>cos</name>
         <value>0x2757</value>
         <object_component_ref idref="oc-185"/>
      </symbol>
      <symbol id="sm-5bb">
         <name>C$$EXIT</name>
         <value>0x239d</value>
         <object_component_ref idref="oc-3d"/>
      </symbol>
      <symbol id="sm-5bc">
         <name>abort</name>
         <value>0x23a1</value>
         <object_component_ref idref="oc-3d"/>
      </symbol>
      <symbol id="sm-5bd">
         <name>exit</name>
         <value>0x23a9</value>
         <object_component_ref idref="oc-3d"/>
      </symbol>
      <symbol id="sm-5be">
         <name>__TI_dtors_ptr</name>
         <value>0x200005d8</value>
         <object_component_ref idref="oc-86"/>
      </symbol>
      <symbol id="sm-5bf">
         <name>__TI_cleanup_ptr</name>
         <value>0x200005d4</value>
         <object_component_ref idref="oc-86"/>
      </symbol>
      <symbol id="sm-5d6">
         <name>__aeabi_dsub</name>
         <value>0xd39</value>
         <object_component_ref idref="oc-180"/>
      </symbol>
      <symbol id="sm-5d7">
         <name>__aeabi_dadd</name>
         <value>0xd43</value>
         <object_component_ref idref="oc-180"/>
      </symbol>
      <symbol id="sm-5eb">
         <name>__aeabi_ddiv</name>
         <value>0x11b5</value>
         <object_component_ref idref="oc-175"/>
      </symbol>
      <symbol id="sm-5f6">
         <name>__aeabi_dmul</name>
         <value>0x1769</value>
         <object_component_ref idref="oc-170"/>
      </symbol>
      <symbol id="sm-600">
         <name>__aeabi_d2f</name>
         <value>0x21a9</value>
         <object_component_ref idref="oc-18b"/>
      </symbol>
      <symbol id="sm-60b">
         <name>__aeabi_f2d</name>
         <value>0x2559</value>
         <object_component_ref idref="oc-16b"/>
      </symbol>
      <symbol id="sm-626">
         <name>memcpy</name>
         <value>0x1d39</value>
         <object_component_ref idref="oc-47"/>
      </symbol>
      <symbol id="sm-627">
         <name>__aeabi_memcpy</name>
         <value>0x1d39</value>
         <object_component_ref idref="oc-47"/>
      </symbol>
      <symbol id="sm-628">
         <name>__aeabi_memcpy8</name>
         <value>0x1d39</value>
         <object_component_ref idref="oc-47"/>
      </symbol>
      <symbol id="sm-629">
         <name>__aeabi_memcpy4</name>
         <value>0x1d39</value>
         <object_component_ref idref="oc-47"/>
      </symbol>
      <symbol id="sm-636">
         <name>sin</name>
         <value>0x2771</value>
         <object_component_ref idref="oc-17a"/>
      </symbol>
      <symbol id="sm-63e">
         <name>main_func_sp</name>
         <value>0x200005e8</value>
         <object_component_ref idref="oc-43"/>
      </symbol>
      <symbol id="sm-677">
         <name>_Sin</name>
         <value>0x895</value>
         <object_component_ref idref="oc-2b4"/>
      </symbol>
      <symbol id="sm-687">
         <name>_Rteps</name>
         <value>0x20000580</value>
         <object_component_ref idref="oc-34c"/>
      </symbol>
      <symbol id="sm-688">
         <name>_Zero</name>
         <value>0x20000598</value>
         <object_component_ref idref="oc-34c"/>
      </symbol>
      <symbol id="sm-689">
         <name>_Hugeval</name>
         <value>0x20000540</value>
         <object_component_ref idref="oc-34c"/>
      </symbol>
      <symbol id="sm-68a">
         <name>_Snan</name>
         <value>0x20000570</value>
         <object_component_ref idref="oc-34c"/>
      </symbol>
      <symbol id="sm-68b">
         <name>_Nan</name>
         <value>0x20000560</value>
         <object_component_ref idref="oc-34c"/>
      </symbol>
      <symbol id="sm-68c">
         <name>_Inf</name>
         <value>0x20000550</value>
         <object_component_ref idref="oc-34c"/>
      </symbol>
      <symbol id="sm-68d">
         <name>_Xbig</name>
         <value>0x20000590</value>
         <object_component_ref idref="oc-34c"/>
      </symbol>
      <symbol id="sm-68e">
         <name>_Eps</name>
         <value>0x20000530</value>
         <object_component_ref idref="oc-34c"/>
      </symbol>
      <symbol id="sm-68f">
         <name>_Denorm</name>
         <value>0x20000520</value>
         <object_component_ref idref="oc-34c"/>
      </symbol>
      <symbol id="sm-6a8">
         <name>_nop</name>
         <value>0x2883</value>
         <object_component_ref idref="oc-d6"/>
      </symbol>
      <symbol id="sm-6a9">
         <name>_lock</name>
         <value>0x200005cc</value>
         <object_component_ref idref="oc-83"/>
      </symbol>
      <symbol id="sm-6aa">
         <name>_unlock</name>
         <value>0x200005d0</value>
         <object_component_ref idref="oc-83"/>
      </symbol>
      <symbol id="sm-6ab">
         <name>_register_lock</name>
         <value>0x287b</value>
         <object_component_ref idref="oc-d6"/>
      </symbol>
      <symbol id="sm-6ac">
         <name>_register_unlock</name>
         <value>0x2875</value>
         <object_component_ref idref="oc-d6"/>
      </symbol>
      <symbol id="sm-6c0">
         <name>_args_main</name>
         <value>0x2835</value>
         <object_component_ref idref="oc-37"/>
      </symbol>
      <symbol id="sm-6dd">
         <name>__TI_auto_init</name>
         <value>0x1dd5</value>
         <object_component_ref idref="oc-32"/>
      </symbol>
      <symbol id="sm-6f6">
         <name>copy_in</name>
         <value>0x2359</value>
         <object_component_ref idref="oc-74"/>
      </symbol>
      <symbol id="sm-708">
         <name>__aeabi_cdcmpeq</name>
         <value>0x1e69</value>
         <object_component_ref idref="oc-337"/>
      </symbol>
      <symbol id="sm-709">
         <name>__aeabi_cdcmple</name>
         <value>0x1e69</value>
         <object_component_ref idref="oc-337"/>
      </symbol>
      <symbol id="sm-713">
         <name>__aeabi_d2iz</name>
         <value>0x2285</value>
         <object_component_ref idref="oc-342"/>
      </symbol>
      <symbol id="sm-733">
         <name>fmod</name>
         <value>0xef1</value>
         <object_component_ref idref="oc-33c"/>
      </symbol>
      <symbol id="sm-73d">
         <name>__aeabi_i2d</name>
         <value>0x2691</value>
         <object_component_ref idref="oc-347"/>
      </symbol>
      <symbol id="sm-752">
         <name>_Dnorm</name>
         <value>0x1bd5</value>
         <object_component_ref idref="oc-384"/>
      </symbol>
      <symbol id="sm-76d">
         <name>_Dscale</name>
         <value>0x1659</value>
         <object_component_ref idref="oc-38a"/>
      </symbol>
      <symbol id="sm-77f">
         <name>_Dtest</name>
         <value>0x23e1</value>
         <object_component_ref idref="oc-32b"/>
      </symbol>
      <symbol id="sm-78e">
         <name>_Feraise</name>
         <value>0x2661</value>
         <object_component_ref idref="oc-331"/>
      </symbol>
      <symbol id="sm-796">
         <name>_Errno</name>
         <value>0x200005e4</value>
         <object_component_ref idref="oc-37f"/>
      </symbol>
      <symbol id="sm-7b4">
         <name>feraiseexcept</name>
         <value>0x262d</value>
         <object_component_ref idref="oc-379"/>
      </symbol>
      <symbol id="sm-7b5">
         <name>_Tls_setup__Fenv</name>
         <value>0x200005e0</value>
         <object_component_ref idref="oc-3af"/>
      </symbol>
      <symbol id="sm-7b6">
         <name>_Fenv</name>
         <value>0x200005dc</value>
         <object_component_ref idref="oc-3af"/>
      </symbol>
      <symbol id="sm-7ca">
         <name>raise</name>
         <value>0x26bf</value>
         <object_component_ref idref="oc-3a9"/>
      </symbol>
      <symbol id="sm-7e4">
         <name>signal</name>
         <value>0x24a5</value>
         <object_component_ref idref="oc-3be"/>
      </symbol>
      <symbol id="sm-7e5">
         <name>__TI_static_base__</name>
         <value>0x0</value>
      </symbol>
      <symbol id="sm-7e6">
         <name>__TI_args_main</name>
         <value>0x1</value>
      </symbol>
      <symbol id="sm-7e7">
         <name>SHT$$INIT_ARRAY$$Limit</name>
         <value>0x0</value>
      </symbol>
      <symbol id="sm-7e8">
         <name>SHT$$INIT_ARRAY$$Base</name>
         <value>0x0</value>
      </symbol>
   </symbol_table>
   <title>Link successful</title>
</link_info>
